INFO ids2eval.cli: Loading dataset 'cic-ids2018-fullscale'
WARNING ids2eval.data.chunked_io: Dropped 1 embedded header row(s) found as literal data
WARNING ids2eval.data.chunked_io: /tmp/ids2eval_task/data/Thuesday-20-02-2018_TrafficForML_CICFlowMeter.csv.gz: column schema differs from the first file read (extra: ['Dst IP', 'Flow ID', 'Src IP', 'Src Port'], missing: []) - aligning to the first file's schema
WARNING ids2eval.data.chunked_io: /tmp/ids2eval_task/data/Thuesday-20-02-2018_TrafficForML_CICFlowMeter.csv.gz: column schema differs from the first file read (extra: ['Dst IP', 'Flow ID', 'Src IP', 'Src Port'], missing: []) - aligning to the first file's schema
WARNING ids2eval.data.chunked_io: /tmp/ids2eval_task/data/Thuesday-20-02-2018_TrafficForML_CICFlowMeter.csv.gz: column schema differs from the first file read (extra: ['Dst IP', 'Flow ID', 'Src IP', 'Src Port'], missing: []) - aligning to the first file's schema
WARNING ids2eval.data.chunked_io: /tmp/ids2eval_task/data/Thuesday-20-02-2018_TrafficForML_CICFlowMeter.csv.gz: column schema differs from the first file read (extra: ['Dst IP', 'Flow ID', 'Src IP', 'Src Port'], missing: []) - aligning to the first file's schema
WARNING ids2eval.data.chunked_io: /tmp/ids2eval_task/data/Thuesday-20-02-2018_TrafficForML_CICFlowMeter.csv.gz: column schema differs from the first file read (extra: ['Dst IP', 'Flow ID', 'Src IP', 'Src Port'], missing: []) - aligning to the first file's schema
WARNING ids2eval.data.chunked_io: /tmp/ids2eval_task/data/Thuesday-20-02-2018_TrafficForML_CICFlowMeter.csv.gz: column schema differs from the first file read (extra: ['Dst IP', 'Flow ID', 'Src IP', 'Src Port'], missing: []) - aligning to the first file's schema
WARNING ids2eval.data.chunked_io: /tmp/ids2eval_task/data/Thuesday-20-02-2018_TrafficForML_CICFlowMeter.csv.gz: column schema differs from the first file read (extra: ['Dst IP', 'Flow ID', 'Src IP', 'Src Port'], missing: []) - aligning to the first file's schema
WARNING ids2eval.data.chunked_io: /tmp/ids2eval_task/data/Thuesday-20-02-2018_TrafficForML_CICFlowMeter.csv.gz: column schema differs from the first file read (extra: ['Dst IP', 'Flow ID', 'Src IP', 'Src Port'], missing: []) - aligning to the first file's schema
WARNING ids2eval.data.chunked_io: /tmp/ids2eval_task/data/Thuesday-20-02-2018_TrafficForML_CICFlowMeter.csv.gz: column schema differs from the first file read (extra: ['Dst IP', 'Flow ID', 'Src IP', 'Src Port'], missing: []) - aligning to the first file's schema
WARNING ids2eval.data.chunked_io: /tmp/ids2eval_task/data/Thuesday-20-02-2018_TrafficForML_CICFlowMeter.csv.gz: column schema differs from the first file read (extra: ['Dst IP', 'Flow ID', 'Src IP', 'Src Port'], missing: []) - aligning to the first file's schema
WARNING ids2eval.data.chunked_io: /tmp/ids2eval_task/data/Thuesday-20-02-2018_TrafficForML_CICFlowMeter.csv.gz: column schema differs from the first file read (extra: ['Dst IP', 'Flow ID', 'Src IP', 'Src Port'], missing: []) - aligning to the first file's schema
WARNING ids2eval.data.chunked_io: /tmp/ids2eval_task/data/Thuesday-20-02-2018_TrafficForML_CICFlowMeter.csv.gz: column schema differs from the first file read (extra: ['Dst IP', 'Flow ID', 'Src IP', 'Src Port'], missing: []) - aligning to the first file's schema
WARNING ids2eval.data.chunked_io: /tmp/ids2eval_task/data/Thuesday-20-02-2018_TrafficForML_CICFlowMeter.csv.gz: column schema differs from the first file read (extra: ['Dst IP', 'Flow ID', 'Src IP', 'Src Port'], missing: []) - aligning to the first file's schema
WARNING ids2eval.data.chunked_io: /tmp/ids2eval_task/data/Thuesday-20-02-2018_TrafficForML_CICFlowMeter.csv.gz: column schema differs from the first file read (extra: ['Dst IP', 'Flow ID', 'Src IP', 'Src Port'], missing: []) - aligning to the first file's schema
WARNING ids2eval.data.chunked_io: /tmp/ids2eval_task/data/Thuesday-20-02-2018_TrafficForML_CICFlowMeter.csv.gz: column schema differs from the first file read (extra: ['Dst IP', 'Flow ID', 'Src IP', 'Src Port'], missing: []) - aligning to the first file's schema
WARNING ids2eval.data.chunked_io: /tmp/ids2eval_task/data/Thuesday-20-02-2018_TrafficForML_CICFlowMeter.csv.gz: column schema differs from the first file read (extra: ['Dst IP', 'Flow ID', 'Src IP', 'Src Port'], missing: []) - aligning to the first file's schema
WARNING ids2eval.data.chunked_io: /tmp/ids2eval_task/data/Thuesday-20-02-2018_TrafficForML_CICFlowMeter.csv.gz: column schema differs from the first file read (extra: ['Dst IP', 'Flow ID', 'Src IP', 'Src Port'], missing: []) - aligning to the first file's schema
WARNING ids2eval.data.chunked_io: /tmp/ids2eval_task/data/Thuesday-20-02-2018_TrafficForML_CICFlowMeter.csv.gz: column schema differs from the first file read (extra: ['Dst IP', 'Flow ID', 'Src IP', 'Src Port'], missing: []) - aligning to the first file's schema
WARNING ids2eval.data.chunked_io: /tmp/ids2eval_task/data/Thuesday-20-02-2018_TrafficForML_CICFlowMeter.csv.gz: column schema differs from the first file read (extra: ['Dst IP', 'Flow ID', 'Src IP', 'Src Port'], missing: []) - aligning to the first file's schema
WARNING ids2eval.data.chunked_io: /tmp/ids2eval_task/data/Thuesday-20-02-2018_TrafficForML_CICFlowMeter.csv.gz: column schema differs from the first file read (extra: ['Dst IP', 'Flow ID', 'Src IP', 'Src Port'], missing: []) - aligning to the first file's schema
WARNING ids2eval.data.chunked_io: /tmp/ids2eval_task/data/Thuesday-20-02-2018_TrafficForML_CICFlowMeter.csv.gz: column schema differs from the first file read (extra: ['Dst IP', 'Flow ID', 'Src IP', 'Src Port'], missing: []) - aligning to the first file's schema
WARNING ids2eval.data.chunked_io: /tmp/ids2eval_task/data/Thuesday-20-02-2018_TrafficForML_CICFlowMeter.csv.gz: column schema differs from the first file read (extra: ['Dst IP', 'Flow ID', 'Src IP', 'Src Port'], missing: []) - aligning to the first file's schema
WARNING ids2eval.data.chunked_io: /tmp/ids2eval_task/data/Thuesday-20-02-2018_TrafficForML_CICFlowMeter.csv.gz: column schema differs from the first file read (extra: ['Dst IP', 'Flow ID', 'Src IP', 'Src Port'], missing: []) - aligning to the first file's schema
WARNING ids2eval.data.chunked_io: /tmp/ids2eval_task/data/Thuesday-20-02-2018_TrafficForML_CICFlowMeter.csv.gz: column schema differs from the first file read (extra: ['Dst IP', 'Flow ID', 'Src IP', 'Src Port'], missing: []) - aligning to the first file's schema
WARNING ids2eval.data.chunked_io: /tmp/ids2eval_task/data/Thuesday-20-02-2018_TrafficForML_CICFlowMeter.csv.gz: column schema differs from the first file read (extra: ['Dst IP', 'Flow ID', 'Src IP', 'Src Port'], missing: []) - aligning to the first file's schema
WARNING ids2eval.data.chunked_io: /tmp/ids2eval_task/data/Thuesday-20-02-2018_TrafficForML_CICFlowMeter.csv.gz: column schema differs from the first file read (extra: ['Dst IP', 'Flow ID', 'Src IP', 'Src Port'], missing: []) - aligning to the first file's schema
WARNING ids2eval.data.chunked_io: /tmp/ids2eval_task/data/Thuesday-20-02-2018_TrafficForML_CICFlowMeter.csv.gz: column schema differs from the first file read (extra: ['Dst IP', 'Flow ID', 'Src IP', 'Src Port'], missing: []) - aligning to the first file's schema
WARNING ids2eval.data.chunked_io: /tmp/ids2eval_task/data/Thuesday-20-02-2018_TrafficForML_CICFlowMeter.csv.gz: column schema differs from the first file read (extra: ['Dst IP', 'Flow ID', 'Src IP', 'Src Port'], missing: []) - aligning to the first file's schema
WARNING ids2eval.data.chunked_io: /tmp/ids2eval_task/data/Thuesday-20-02-2018_TrafficForML_CICFlowMeter.csv.gz: column schema differs from the first file read (extra: ['Dst IP', 'Flow ID', 'Src IP', 'Src Port'], missing: []) - aligning to the first file's schema
WARNING ids2eval.data.chunked_io: /tmp/ids2eval_task/data/Thuesday-20-02-2018_TrafficForML_CICFlowMeter.csv.gz: column schema differs from the first file read (extra: ['Dst IP', 'Flow ID', 'Src IP', 'Src Port'], missing: []) - aligning to the first file's schema
WARNING ids2eval.data.chunked_io: /tmp/ids2eval_task/data/Thuesday-20-02-2018_TrafficForML_CICFlowMeter.csv.gz: column schema differs from the first file read (extra: ['Dst IP', 'Flow ID', 'Src IP', 'Src Port'], missing: []) - aligning to the first file's schema
WARNING ids2eval.data.chunked_io: /tmp/ids2eval_task/data/Thuesday-20-02-2018_TrafficForML_CICFlowMeter.csv.gz: column schema differs from the first file read (extra: ['Dst IP', 'Flow ID', 'Src IP', 'Src Port'], missing: []) - aligning to the first file's schema
WARNING ids2eval.data.chunked_io: /tmp/ids2eval_task/data/Thuesday-20-02-2018_TrafficForML_CICFlowMeter.csv.gz: column schema differs from the first file read (extra: ['Dst IP', 'Flow ID', 'Src IP', 'Src Port'], missing: []) - aligning to the first file's schema
WARNING ids2eval.data.chunked_io: /tmp/ids2eval_task/data/Thuesday-20-02-2018_TrafficForML_CICFlowMeter.csv.gz: column schema differs from the first file read (extra: ['Dst IP', 'Flow ID', 'Src IP', 'Src Port'], missing: []) - aligning to the first file's schema
WARNING ids2eval.data.chunked_io: /tmp/ids2eval_task/data/Thuesday-20-02-2018_TrafficForML_CICFlowMeter.csv.gz: column schema differs from the first file read (extra: ['Dst IP', 'Flow ID', 'Src IP', 'Src Port'], missing: []) - aligning to the first file's schema
WARNING ids2eval.data.chunked_io: /tmp/ids2eval_task/data/Thuesday-20-02-2018_TrafficForML_CICFlowMeter.csv.gz: column schema differs from the first file read (extra: ['Dst IP', 'Flow ID', 'Src IP', 'Src Port'], missing: []) - aligning to the first file's schema
WARNING ids2eval.data.chunked_io: /tmp/ids2eval_task/data/Thuesday-20-02-2018_TrafficForML_CICFlowMeter.csv.gz: column schema differs from the first file read (extra: ['Dst IP', 'Flow ID', 'Src IP', 'Src Port'], missing: []) - aligning to the first file's schema
WARNING ids2eval.data.chunked_io: /tmp/ids2eval_task/data/Thuesday-20-02-2018_TrafficForML_CICFlowMeter.csv.gz: column schema differs from the first file read (extra: ['Dst IP', 'Flow ID', 'Src IP', 'Src Port'], missing: []) - aligning to the first file's schema
WARNING ids2eval.data.chunked_io: /tmp/ids2eval_task/data/Thuesday-20-02-2018_TrafficForML_CICFlowMeter.csv.gz: column schema differs from the first file read (extra: ['Dst IP', 'Flow ID', 'Src IP', 'Src Port'], missing: []) - aligning to the first file's schema
WARNING ids2eval.data.chunked_io: /tmp/ids2eval_task/data/Thuesday-20-02-2018_TrafficForML_CICFlowMeter.csv.gz: column schema differs from the first file read (extra: ['Dst IP', 'Flow ID', 'Src IP', 'Src Port'], missing: []) - aligning to the first file's schema
WARNING ids2eval.data.chunked_io: Dropped 8 embedded header row(s) found as literal data
WARNING ids2eval.data.chunked_io: Dropped 16 embedded header row(s) found as literal data
WARNING ids2eval.data.chunked_io: Dropped 8 embedded header row(s) found as literal data
WARNING ids2eval.data.chunked_io: Dropped 1 embedded header row(s) found as literal data
WARNING ids2eval.data.chunked_io: Dropped 12 embedded header row(s) found as literal data
WARNING ids2eval.data.chunked_io: Dropped 13 embedded header row(s) found as literal data
INFO ids2eval.data.cache: Cached load+split+label-grouping result to /tmp/ids2eval_task/out/.cache
INFO ids2eval.cli: Split: train=12986354 rows, test=3246589 rows
INFO ids2eval.cli: Run artifacts: /tmp/ids2eval_task/out/runs/2026-09-28_225428_095778
WARNING ids2eval.data.chunked_io: Dropped 1 embedded header row(s) found as literal data
WARNING ids2eval.data.chunked_io: /tmp/ids2eval_task/data/Thuesday-20-02-2018_TrafficForML_CICFlowMeter.csv.gz: column schema differs from the first file read (extra: ['Dst IP', 'Flow ID', 'Src IP', 'Src Port'], missing: []) - aligning to the first file's schema
WARNING ids2eval.data.chunked_io: /tmp/ids2eval_task/data/Thuesday-20-02-2018_TrafficForML_CICFlowMeter.csv.gz: column schema differs from the first file read (extra: ['Dst IP', 'Flow ID', 'Src IP', 'Src Port'], missing: []) - aligning to the first file's schema
WARNING ids2eval.data.chunked_io: /tmp/ids2eval_task/data/Thuesday-20-02-2018_TrafficForML_CICFlowMeter.csv.gz: column schema differs from the first file read (extra: ['Dst IP', 'Flow ID', 'Src IP', 'Src Port'], missing: []) - aligning to the first file's schema
WARNING ids2eval.data.chunked_io: /tmp/ids2eval_task/data/Thuesday-20-02-2018_TrafficForML_CICFlowMeter.csv.gz: column schema differs from the first file read (extra: ['Dst IP', 'Flow ID', 'Src IP', 'Src Port'], missing: []) - aligning to the first file's schema
WARNING ids2eval.data.chunked_io: /tmp/ids2eval_task/data/Thuesday-20-02-2018_TrafficForML_CICFlowMeter.csv.gz: column schema differs from the first file read (extra: ['Dst IP', 'Flow ID', 'Src IP', 'Src Port'], missing: []) - aligning to the first file's schema
WARNING ids2eval.data.chunked_io: /tmp/ids2eval_task/data/Thuesday-20-02-2018_TrafficForML_CICFlowMeter.csv.gz: column schema differs from the first file read (extra: ['Dst IP', 'Flow ID', 'Src IP', 'Src Port'], missing: []) - aligning to the first file's schema
WARNING ids2eval.data.chunked_io: /tmp/ids2eval_task/data/Thuesday-20-02-2018_TrafficForML_CICFlowMeter.csv.gz: column schema differs from the first file read (extra: ['Dst IP', 'Flow ID', 'Src IP', 'Src Port'], missing: []) - aligning to the first file's schema
WARNING ids2eval.data.chunked_io: /tmp/ids2eval_task/data/Thuesday-20-02-2018_TrafficForML_CICFlowMeter.csv.gz: column schema differs from the first file read (extra: ['Dst IP', 'Flow ID', 'Src IP', 'Src Port'], missing: []) - aligning to the first file's schema
WARNING ids2eval.data.chunked_io: /tmp/ids2eval_task/data/Thuesday-20-02-2018_TrafficForML_CICFlowMeter.csv.gz: column schema differs from the first file read (extra: ['Dst IP', 'Flow ID', 'Src IP', 'Src Port'], missing: []) - aligning to the first file's schema
WARNING ids2eval.data.chunked_io: /tmp/ids2eval_task/data/Thuesday-20-02-2018_TrafficForML_CICFlowMeter.csv.gz: column schema differs from the first file read (extra: ['Dst IP', 'Flow ID', 'Src IP', 'Src Port'], missing: []) - aligning to the first file's schema
WARNING ids2eval.data.chunked_io: /tmp/ids2eval_task/data/Thuesday-20-02-2018_TrafficForML_CICFlowMeter.csv.gz: column schema differs from the first file read (extra: ['Dst IP', 'Flow ID', 'Src IP', 'Src Port'], missing: []) - aligning to the first file's schema
WARNING ids2eval.data.chunked_io: /tmp/ids2eval_task/data/Thuesday-20-02-2018_TrafficForML_CICFlowMeter.csv.gz: column schema differs from the first file read (extra: ['Dst IP', 'Flow ID', 'Src IP', 'Src Port'], missing: []) - aligning to the first file's schema
WARNING ids2eval.data.chunked_io: /tmp/ids2eval_task/data/Thuesday-20-02-2018_TrafficForML_CICFlowMeter.csv.gz: column schema differs from the first file read (extra: ['Dst IP', 'Flow ID', 'Src IP', 'Src Port'], missing: []) - aligning to the first file's schema
WARNING ids2eval.data.chunked_io: /tmp/ids2eval_task/data/Thuesday-20-02-2018_TrafficForML_CICFlowMeter.csv.gz: column schema differs from the first file read (extra: ['Dst IP', 'Flow ID', 'Src IP', 'Src Port'], missing: []) - aligning to the first file's schema
WARNING ids2eval.data.chunked_io: /tmp/ids2eval_task/data/Thuesday-20-02-2018_TrafficForML_CICFlowMeter.csv.gz: column schema differs from the first file read (extra: ['Dst IP', 'Flow ID', 'Src IP', 'Src Port'], missing: []) - aligning to the first file's schema
WARNING ids2eval.data.chunked_io: /tmp/ids2eval_task/data/Thuesday-20-02-2018_TrafficForML_CICFlowMeter.csv.gz: column schema differs from the first file read (extra: ['Dst IP', 'Flow ID', 'Src IP', 'Src Port'], missing: []) - aligning to the first file's schema
WARNING ids2eval.data.chunked_io: /tmp/ids2eval_task/data/Thuesday-20-02-2018_TrafficForML_CICFlowMeter.csv.gz: column schema differs from the first file read (extra: ['Dst IP', 'Flow ID', 'Src IP', 'Src Port'], missing: []) - aligning to the first file's schema
WARNING ids2eval.data.chunked_io: /tmp/ids2eval_task/data/Thuesday-20-02-2018_TrafficForML_CICFlowMeter.csv.gz: column schema differs from the first file read (extra: ['Dst IP', 'Flow ID', 'Src IP', 'Src Port'], missing: []) - aligning to the first file's schema
WARNING ids2eval.data.chunked_io: /tmp/ids2eval_task/data/Thuesday-20-02-2018_TrafficForML_CICFlowMeter.csv.gz: column schema differs from the first file read (extra: ['Dst IP', 'Flow ID', 'Src IP', 'Src Port'], missing: []) - aligning to the first file's schema
WARNING ids2eval.data.chunked_io: /tmp/ids2eval_task/data/Thuesday-20-02-2018_TrafficForML_CICFlowMeter.csv.gz: column schema differs from the first file read (extra: ['Dst IP', 'Flow ID', 'Src IP', 'Src Port'], missing: []) - aligning to the first file's schema
WARNING ids2eval.data.chunked_io: /tmp/ids2eval_task/data/Thuesday-20-02-2018_TrafficForML_CICFlowMeter.csv.gz: column schema differs from the first file read (extra: ['Dst IP', 'Flow ID', 'Src IP', 'Src Port'], missing: []) - aligning to the first file's schema
WARNING ids2eval.data.chunked_io: /tmp/ids2eval_task/data/Thuesday-20-02-2018_TrafficForML_CICFlowMeter.csv.gz: column schema differs from the first file read (extra: ['Dst IP', 'Flow ID', 'Src IP', 'Src Port'], missing: []) - aligning to the first file's schema
WARNING ids2eval.data.chunked_io: /tmp/ids2eval_task/data/Thuesday-20-02-2018_TrafficForML_CICFlowMeter.csv.gz: column schema differs from the first file read (extra: ['Dst IP', 'Flow ID', 'Src IP', 'Src Port'], missing: []) - aligning to the first file's schema
WARNING ids2eval.data.chunked_io: /tmp/ids2eval_task/data/Thuesday-20-02-2018_TrafficForML_CICFlowMeter.csv.gz: column schema differs from the first file read (extra: ['Dst IP', 'Flow ID', 'Src IP', 'Src Port'], missing: []) - aligning to the first file's schema
WARNING ids2eval.data.chunked_io: /tmp/ids2eval_task/data/Thuesday-20-02-2018_TrafficForML_CICFlowMeter.csv.gz: column schema differs from the first file read (extra: ['Dst IP', 'Flow ID', 'Src IP', 'Src Port'], missing: []) - aligning to the first file's schema
WARNING ids2eval.data.chunked_io: /tmp/ids2eval_task/data/Thuesday-20-02-2018_TrafficForML_CICFlowMeter.csv.gz: column schema differs from the first file read (extra: ['Dst IP', 'Flow ID', 'Src IP', 'Src Port'], missing: []) - aligning to the first file's schema
WARNING ids2eval.data.chunked_io: /tmp/ids2eval_task/data/Thuesday-20-02-2018_TrafficForML_CICFlowMeter.csv.gz: column schema differs from the first file read (extra: ['Dst IP', 'Flow ID', 'Src IP', 'Src Port'], missing: []) - aligning to the first file's schema
WARNING ids2eval.data.chunked_io: /tmp/ids2eval_task/data/Thuesday-20-02-2018_TrafficForML_CICFlowMeter.csv.gz: column schema differs from the first file read (extra: ['Dst IP', 'Flow ID', 'Src IP', 'Src Port'], missing: []) - aligning to the first file's schema
WARNING ids2eval.data.chunked_io: /tmp/ids2eval_task/data/Thuesday-20-02-2018_TrafficForML_CICFlowMeter.csv.gz: column schema differs from the first file read (extra: ['Dst IP', 'Flow ID', 'Src IP', 'Src Port'], missing: []) - aligning to the first file's schema
WARNING ids2eval.data.chunked_io: /tmp/ids2eval_task/data/Thuesday-20-02-2018_TrafficForML_CICFlowMeter.csv.gz: column schema differs from the first file read (extra: ['Dst IP', 'Flow ID', 'Src IP', 'Src Port'], missing: []) - aligning to the first file's schema
WARNING ids2eval.data.chunked_io: /tmp/ids2eval_task/data/Thuesday-20-02-2018_TrafficForML_CICFlowMeter.csv.gz: column schema differs from the first file read (extra: ['Dst IP', 'Flow ID', 'Src IP', 'Src Port'], missing: []) - aligning to the first file's schema
WARNING ids2eval.data.chunked_io: /tmp/ids2eval_task/data/Thuesday-20-02-2018_TrafficForML_CICFlowMeter.csv.gz: column schema differs from the first file read (extra: ['Dst IP', 'Flow ID', 'Src IP', 'Src Port'], missing: []) - aligning to the first file's schema
WARNING ids2eval.data.chunked_io: /tmp/ids2eval_task/data/Thuesday-20-02-2018_TrafficForML_CICFlowMeter.csv.gz: column schema differs from the first file read (extra: ['Dst IP', 'Flow ID', 'Src IP', 'Src Port'], missing: []) - aligning to the first file's schema
WARNING ids2eval.data.chunked_io: /tmp/ids2eval_task/data/Thuesday-20-02-2018_TrafficForML_CICFlowMeter.csv.gz: column schema differs from the first file read (extra: ['Dst IP', 'Flow ID', 'Src IP', 'Src Port'], missing: []) - aligning to the first file's schema
WARNING ids2eval.data.chunked_io: /tmp/ids2eval_task/data/Thuesday-20-02-2018_TrafficForML_CICFlowMeter.csv.gz: column schema differs from the first file read (extra: ['Dst IP', 'Flow ID', 'Src IP', 'Src Port'], missing: []) - aligning to the first file's schema
WARNING ids2eval.data.chunked_io: /tmp/ids2eval_task/data/Thuesday-20-02-2018_TrafficForML_CICFlowMeter.csv.gz: column schema differs from the first file read (extra: ['Dst IP', 'Flow ID', 'Src IP', 'Src Port'], missing: []) - aligning to the first file's schema
WARNING ids2eval.data.chunked_io: /tmp/ids2eval_task/data/Thuesday-20-02-2018_TrafficForML_CICFlowMeter.csv.gz: column schema differs from the first file read (extra: ['Dst IP', 'Flow ID', 'Src IP', 'Src Port'], missing: []) - aligning to the first file's schema
WARNING ids2eval.data.chunked_io: /tmp/ids2eval_task/data/Thuesday-20-02-2018_TrafficForML_CICFlowMeter.csv.gz: column schema differs from the first file read (extra: ['Dst IP', 'Flow ID', 'Src IP', 'Src Port'], missing: []) - aligning to the first file's schema
WARNING ids2eval.data.chunked_io: /tmp/ids2eval_task/data/Thuesday-20-02-2018_TrafficForML_CICFlowMeter.csv.gz: column schema differs from the first file read (extra: ['Dst IP', 'Flow ID', 'Src IP', 'Src Port'], missing: []) - aligning to the first file's schema
WARNING ids2eval.data.chunked_io: /tmp/ids2eval_task/data/Thuesday-20-02-2018_TrafficForML_CICFlowMeter.csv.gz: column schema differs from the first file read (extra: ['Dst IP', 'Flow ID', 'Src IP', 'Src Port'], missing: []) - aligning to the first file's schema
WARNING ids2eval.data.chunked_io: Dropped 8 embedded header row(s) found as literal data
WARNING ids2eval.data.chunked_io: Dropped 16 embedded header row(s) found as literal data
WARNING ids2eval.data.chunked_io: Dropped 8 embedded header row(s) found as literal data
WARNING ids2eval.data.chunked_io: Dropped 1 embedded header row(s) found as literal data
WARNING ids2eval.data.chunked_io: Dropped 12 embedded header row(s) found as literal data
WARNING ids2eval.data.chunked_io: Dropped 13 embedded header row(s) found as literal data
INFO ids2eval.data.dataset: Grouped split: 3888705 groups total, 3111093 train / 777612 test, zero overlap confirmed.
WARNING ids2eval.data.chunked_io: Dropped 1 embedded header row(s) found as literal data
WARNING ids2eval.data.chunked_io: /tmp/ids2eval_task/data/Thuesday-20-02-2018_TrafficForML_CICFlowMeter.csv.gz: column schema differs from the first file read (extra: ['Dst IP', 'Flow ID', 'Src IP', 'Src Port'], missing: []) - aligning to the first file's schema
WARNING ids2eval.data.chunked_io: /tmp/ids2eval_task/data/Thuesday-20-02-2018_TrafficForML_CICFlowMeter.csv.gz: column schema differs from the first file read (extra: ['Dst IP', 'Flow ID', 'Src IP', 'Src Port'], missing: []) - aligning to the first file's schema
WARNING ids2eval.data.chunked_io: /tmp/ids2eval_task/data/Thuesday-20-02-2018_TrafficForML_CICFlowMeter.csv.gz: column schema differs from the first file read (extra: ['Dst IP', 'Flow ID', 'Src IP', 'Src Port'], missing: []) - aligning to the first file's schema
WARNING ids2eval.data.chunked_io: /tmp/ids2eval_task/data/Thuesday-20-02-2018_TrafficForML_CICFlowMeter.csv.gz: column schema differs from the first file read (extra: ['Dst IP', 'Flow ID', 'Src IP', 'Src Port'], missing: []) - aligning to the first file's schema
WARNING ids2eval.data.chunked_io: /tmp/ids2eval_task/data/Thuesday-20-02-2018_TrafficForML_CICFlowMeter.csv.gz: column schema differs from the first file read (extra: ['Dst IP', 'Flow ID', 'Src IP', 'Src Port'], missing: []) - aligning to the first file's schema
WARNING ids2eval.data.chunked_io: /tmp/ids2eval_task/data/Thuesday-20-02-2018_TrafficForML_CICFlowMeter.csv.gz: column schema differs from the first file read (extra: ['Dst IP', 'Flow ID', 'Src IP', 'Src Port'], missing: []) - aligning to the first file's schema
WARNING ids2eval.data.chunked_io: /tmp/ids2eval_task/data/Thuesday-20-02-2018_TrafficForML_CICFlowMeter.csv.gz: column schema differs from the first file read (extra: ['Dst IP', 'Flow ID', 'Src IP', 'Src Port'], missing: []) - aligning to the first file's schema
WARNING ids2eval.data.chunked_io: /tmp/ids2eval_task/data/Thuesday-20-02-2018_TrafficForML_CICFlowMeter.csv.gz: column schema differs from the first file read (extra: ['Dst IP', 'Flow ID', 'Src IP', 'Src Port'], missing: []) - aligning to the first file's schema
WARNING ids2eval.data.chunked_io: /tmp/ids2eval_task/data/Thuesday-20-02-2018_TrafficForML_CICFlowMeter.csv.gz: column schema differs from the first file read (extra: ['Dst IP', 'Flow ID', 'Src IP', 'Src Port'], missing: []) - aligning to the first file's schema
WARNING ids2eval.data.chunked_io: /tmp/ids2eval_task/data/Thuesday-20-02-2018_TrafficForML_CICFlowMeter.csv.gz: column schema differs from the first file read (extra: ['Dst IP', 'Flow ID', 'Src IP', 'Src Port'], missing: []) - aligning to the first file's schema
WARNING ids2eval.data.chunked_io: /tmp/ids2eval_task/data/Thuesday-20-02-2018_TrafficForML_CICFlowMeter.csv.gz: column schema differs from the first file read (extra: ['Dst IP', 'Flow ID', 'Src IP', 'Src Port'], missing: []) - aligning to the first file's schema
WARNING ids2eval.data.chunked_io: /tmp/ids2eval_task/data/Thuesday-20-02-2018_TrafficForML_CICFlowMeter.csv.gz: column schema differs from the first file read (extra: ['Dst IP', 'Flow ID', 'Src IP', 'Src Port'], missing: []) - aligning to the first file's schema
WARNING ids2eval.data.chunked_io: /tmp/ids2eval_task/data/Thuesday-20-02-2018_TrafficForML_CICFlowMeter.csv.gz: column schema differs from the first file read (extra: ['Dst IP', 'Flow ID', 'Src IP', 'Src Port'], missing: []) - aligning to the first file's schema
WARNING ids2eval.data.chunked_io: /tmp/ids2eval_task/data/Thuesday-20-02-2018_TrafficForML_CICFlowMeter.csv.gz: column schema differs from the first file read (extra: ['Dst IP', 'Flow ID', 'Src IP', 'Src Port'], missing: []) - aligning to the first file's schema
WARNING ids2eval.data.chunked_io: /tmp/ids2eval_task/data/Thuesday-20-02-2018_TrafficForML_CICFlowMeter.csv.gz: column schema differs from the first file read (extra: ['Dst IP', 'Flow ID', 'Src IP', 'Src Port'], missing: []) - aligning to the first file's schema
WARNING ids2eval.data.chunked_io: /tmp/ids2eval_task/data/Thuesday-20-02-2018_TrafficForML_CICFlowMeter.csv.gz: column schema differs from the first file read (extra: ['Dst IP', 'Flow ID', 'Src IP', 'Src Port'], missing: []) - aligning to the first file's schema
WARNING ids2eval.data.chunked_io: /tmp/ids2eval_task/data/Thuesday-20-02-2018_TrafficForML_CICFlowMeter.csv.gz: column schema differs from the first file read (extra: ['Dst IP', 'Flow ID', 'Src IP', 'Src Port'], missing: []) - aligning to the first file's schema
WARNING ids2eval.data.chunked_io: /tmp/ids2eval_task/data/Thuesday-20-02-2018_TrafficForML_CICFlowMeter.csv.gz: column schema differs from the first file read (extra: ['Dst IP', 'Flow ID', 'Src IP', 'Src Port'], missing: []) - aligning to the first file's schema
WARNING ids2eval.data.chunked_io: /tmp/ids2eval_task/data/Thuesday-20-02-2018_TrafficForML_CICFlowMeter.csv.gz: column schema differs from the first file read (extra: ['Dst IP', 'Flow ID', 'Src IP', 'Src Port'], missing: []) - aligning to the first file's schema
WARNING ids2eval.data.chunked_io: /tmp/ids2eval_task/data/Thuesday-20-02-2018_TrafficForML_CICFlowMeter.csv.gz: column schema differs from the first file read (extra: ['Dst IP', 'Flow ID', 'Src IP', 'Src Port'], missing: []) - aligning to the first file's schema
WARNING ids2eval.data.chunked_io: /tmp/ids2eval_task/data/Thuesday-20-02-2018_TrafficForML_CICFlowMeter.csv.gz: column schema differs from the first file read (extra: ['Dst IP', 'Flow ID', 'Src IP', 'Src Port'], missing: []) - aligning to the first file's schema
WARNING ids2eval.data.chunked_io: /tmp/ids2eval_task/data/Thuesday-20-02-2018_TrafficForML_CICFlowMeter.csv.gz: column schema differs from the first file read (extra: ['Dst IP', 'Flow ID', 'Src IP', 'Src Port'], missing: []) - aligning to the first file's schema
WARNING ids2eval.data.chunked_io: /tmp/ids2eval_task/data/Thuesday-20-02-2018_TrafficForML_CICFlowMeter.csv.gz: column schema differs from the first file read (extra: ['Dst IP', 'Flow ID', 'Src IP', 'Src Port'], missing: []) - aligning to the first file's schema
WARNING ids2eval.data.chunked_io: /tmp/ids2eval_task/data/Thuesday-20-02-2018_TrafficForML_CICFlowMeter.csv.gz: column schema differs from the first file read (extra: ['Dst IP', 'Flow ID', 'Src IP', 'Src Port'], missing: []) - aligning to the first file's schema
WARNING ids2eval.data.chunked_io: /tmp/ids2eval_task/data/Thuesday-20-02-2018_TrafficForML_CICFlowMeter.csv.gz: column schema differs from the first file read (extra: ['Dst IP', 'Flow ID', 'Src IP', 'Src Port'], missing: []) - aligning to the first file's schema
WARNING ids2eval.data.chunked_io: /tmp/ids2eval_task/data/Thuesday-20-02-2018_TrafficForML_CICFlowMeter.csv.gz: column schema differs from the first file read (extra: ['Dst IP', 'Flow ID', 'Src IP', 'Src Port'], missing: []) - aligning to the first file's schema
WARNING ids2eval.data.chunked_io: /tmp/ids2eval_task/data/Thuesday-20-02-2018_TrafficForML_CICFlowMeter.csv.gz: column schema differs from the first file read (extra: ['Dst IP', 'Flow ID', 'Src IP', 'Src Port'], missing: []) - aligning to the first file's schema
WARNING ids2eval.data.chunked_io: /tmp/ids2eval_task/data/Thuesday-20-02-2018_TrafficForML_CICFlowMeter.csv.gz: column schema differs from the first file read (extra: ['Dst IP', 'Flow ID', 'Src IP', 'Src Port'], missing: []) - aligning to the first file's schema
WARNING ids2eval.data.chunked_io: /tmp/ids2eval_task/data/Thuesday-20-02-2018_TrafficForML_CICFlowMeter.csv.gz: column schema differs from the first file read (extra: ['Dst IP', 'Flow ID', 'Src IP', 'Src Port'], missing: []) - aligning to the first file's schema
WARNING ids2eval.data.chunked_io: /tmp/ids2eval_task/data/Thuesday-20-02-2018_TrafficForML_CICFlowMeter.csv.gz: column schema differs from the first file read (extra: ['Dst IP', 'Flow ID', 'Src IP', 'Src Port'], missing: []) - aligning to the first file's schema
WARNING ids2eval.data.chunked_io: /tmp/ids2eval_task/data/Thuesday-20-02-2018_TrafficForML_CICFlowMeter.csv.gz: column schema differs from the first file read (extra: ['Dst IP', 'Flow ID', 'Src IP', 'Src Port'], missing: []) - aligning to the first file's schema
WARNING ids2eval.data.chunked_io: /tmp/ids2eval_task/data/Thuesday-20-02-2018_TrafficForML_CICFlowMeter.csv.gz: column schema differs from the first file read (extra: ['Dst IP', 'Flow ID', 'Src IP', 'Src Port'], missing: []) - aligning to the first file's schema
WARNING ids2eval.data.chunked_io: /tmp/ids2eval_task/data/Thuesday-20-02-2018_TrafficForML_CICFlowMeter.csv.gz: column schema differs from the first file read (extra: ['Dst IP', 'Flow ID', 'Src IP', 'Src Port'], missing: []) - aligning to the first file's schema
WARNING ids2eval.data.chunked_io: /tmp/ids2eval_task/data/Thuesday-20-02-2018_TrafficForML_CICFlowMeter.csv.gz: column schema differs from the first file read (extra: ['Dst IP', 'Flow ID', 'Src IP', 'Src Port'], missing: []) - aligning to the first file's schema
WARNING ids2eval.data.chunked_io: /tmp/ids2eval_task/data/Thuesday-20-02-2018_TrafficForML_CICFlowMeter.csv.gz: column schema differs from the first file read (extra: ['Dst IP', 'Flow ID', 'Src IP', 'Src Port'], missing: []) - aligning to the first file's schema
WARNING ids2eval.data.chunked_io: /tmp/ids2eval_task/data/Thuesday-20-02-2018_TrafficForML_CICFlowMeter.csv.gz: column schema differs from the first file read (extra: ['Dst IP', 'Flow ID', 'Src IP', 'Src Port'], missing: []) - aligning to the first file's schema
WARNING ids2eval.data.chunked_io: /tmp/ids2eval_task/data/Thuesday-20-02-2018_TrafficForML_CICFlowMeter.csv.gz: column schema differs from the first file read (extra: ['Dst IP', 'Flow ID', 'Src IP', 'Src Port'], missing: []) - aligning to the first file's schema
WARNING ids2eval.data.chunked_io: /tmp/ids2eval_task/data/Thuesday-20-02-2018_TrafficForML_CICFlowMeter.csv.gz: column schema differs from the first file read (extra: ['Dst IP', 'Flow ID', 'Src IP', 'Src Port'], missing: []) - aligning to the first file's schema
WARNING ids2eval.data.chunked_io: /tmp/ids2eval_task/data/Thuesday-20-02-2018_TrafficForML_CICFlowMeter.csv.gz: column schema differs from the first file read (extra: ['Dst IP', 'Flow ID', 'Src IP', 'Src Port'], missing: []) - aligning to the first file's schema
WARNING ids2eval.data.chunked_io: /tmp/ids2eval_task/data/Thuesday-20-02-2018_TrafficForML_CICFlowMeter.csv.gz: column schema differs from the first file read (extra: ['Dst IP', 'Flow ID', 'Src IP', 'Src Port'], missing: []) - aligning to the first file's schema
WARNING ids2eval.data.chunked_io: Dropped 8 embedded header row(s) found as literal data
WARNING ids2eval.data.chunked_io: Dropped 16 embedded header row(s) found as literal data
WARNING ids2eval.data.chunked_io: Dropped 8 embedded header row(s) found as literal data
WARNING ids2eval.data.chunked_io: Dropped 1 embedded header row(s) found as literal data
WARNING ids2eval.data.chunked_io: Dropped 12 embedded header row(s) found as literal data
WARNING ids2eval.data.chunked_io: Dropped 13 embedded header row(s) found as literal data
INFO ids2eval.data.dataset: Grouped split: 3888705 groups total, 3111093 train / 777612 test, zero overlap confirmed.
WARNING ids2eval.data.chunked_io: Dropped 1 embedded header row(s) found as literal data
WARNING ids2eval.data.chunked_io: /tmp/ids2eval_task/data/Thuesday-20-02-2018_TrafficForML_CICFlowMeter.csv.gz: column schema differs from the first file read (extra: ['Dst IP', 'Flow ID', 'Src IP', 'Src Port'], missing: []) - aligning to the first file's schema
WARNING ids2eval.data.chunked_io: /tmp/ids2eval_task/data/Thuesday-20-02-2018_TrafficForML_CICFlowMeter.csv.gz: column schema differs from the first file read (extra: ['Dst IP', 'Flow ID', 'Src IP', 'Src Port'], missing: []) - aligning to the first file's schema
WARNING ids2eval.data.chunked_io: /tmp/ids2eval_task/data/Thuesday-20-02-2018_TrafficForML_CICFlowMeter.csv.gz: column schema differs from the first file read (extra: ['Dst IP', 'Flow ID', 'Src IP', 'Src Port'], missing: []) - aligning to the first file's schema
WARNING ids2eval.data.chunked_io: /tmp/ids2eval_task/data/Thuesday-20-02-2018_TrafficForML_CICFlowMeter.csv.gz: column schema differs from the first file read (extra: ['Dst IP', 'Flow ID', 'Src IP', 'Src Port'], missing: []) - aligning to the first file's schema
WARNING ids2eval.data.chunked_io: /tmp/ids2eval_task/data/Thuesday-20-02-2018_TrafficForML_CICFlowMeter.csv.gz: column schema differs from the first file read (extra: ['Dst IP', 'Flow ID', 'Src IP', 'Src Port'], missing: []) - aligning to the first file's schema
WARNING ids2eval.data.chunked_io: /tmp/ids2eval_task/data/Thuesday-20-02-2018_TrafficForML_CICFlowMeter.csv.gz: column schema differs from the first file read (extra: ['Dst IP', 'Flow ID', 'Src IP', 'Src Port'], missing: []) - aligning to the first file's schema
WARNING ids2eval.data.chunked_io: /tmp/ids2eval_task/data/Thuesday-20-02-2018_TrafficForML_CICFlowMeter.csv.gz: column schema differs from the first file read (extra: ['Dst IP', 'Flow ID', 'Src IP', 'Src Port'], missing: []) - aligning to the first file's schema
WARNING ids2eval.data.chunked_io: /tmp/ids2eval_task/data/Thuesday-20-02-2018_TrafficForML_CICFlowMeter.csv.gz: column schema differs from the first file read (extra: ['Dst IP', 'Flow ID', 'Src IP', 'Src Port'], missing: []) - aligning to the first file's schema
WARNING ids2eval.data.chunked_io: /tmp/ids2eval_task/data/Thuesday-20-02-2018_TrafficForML_CICFlowMeter.csv.gz: column schema differs from the first file read (extra: ['Dst IP', 'Flow ID', 'Src IP', 'Src Port'], missing: []) - aligning to the first file's schema
WARNING ids2eval.data.chunked_io: /tmp/ids2eval_task/data/Thuesday-20-02-2018_TrafficForML_CICFlowMeter.csv.gz: column schema differs from the first file read (extra: ['Dst IP', 'Flow ID', 'Src IP', 'Src Port'], missing: []) - aligning to the first file's schema
WARNING ids2eval.data.chunked_io: /tmp/ids2eval_task/data/Thuesday-20-02-2018_TrafficForML_CICFlowMeter.csv.gz: column schema differs from the first file read (extra: ['Dst IP', 'Flow ID', 'Src IP', 'Src Port'], missing: []) - aligning to the first file's schema
WARNING ids2eval.data.chunked_io: /tmp/ids2eval_task/data/Thuesday-20-02-2018_TrafficForML_CICFlowMeter.csv.gz: column schema differs from the first file read (extra: ['Dst IP', 'Flow ID', 'Src IP', 'Src Port'], missing: []) - aligning to the first file's schema
WARNING ids2eval.data.chunked_io: /tmp/ids2eval_task/data/Thuesday-20-02-2018_TrafficForML_CICFlowMeter.csv.gz: column schema differs from the first file read (extra: ['Dst IP', 'Flow ID', 'Src IP', 'Src Port'], missing: []) - aligning to the first file's schema
WARNING ids2eval.data.chunked_io: /tmp/ids2eval_task/data/Thuesday-20-02-2018_TrafficForML_CICFlowMeter.csv.gz: column schema differs from the first file read (extra: ['Dst IP', 'Flow ID', 'Src IP', 'Src Port'], missing: []) - aligning to the first file's schema
WARNING ids2eval.data.chunked_io: /tmp/ids2eval_task/data/Thuesday-20-02-2018_TrafficForML_CICFlowMeter.csv.gz: column schema differs from the first file read (extra: ['Dst IP', 'Flow ID', 'Src IP', 'Src Port'], missing: []) - aligning to the first file's schema
WARNING ids2eval.data.chunked_io: /tmp/ids2eval_task/data/Thuesday-20-02-2018_TrafficForML_CICFlowMeter.csv.gz: column schema differs from the first file read (extra: ['Dst IP', 'Flow ID', 'Src IP', 'Src Port'], missing: []) - aligning to the first file's schema
WARNING ids2eval.data.chunked_io: /tmp/ids2eval_task/data/Thuesday-20-02-2018_TrafficForML_CICFlowMeter.csv.gz: column schema differs from the first file read (extra: ['Dst IP', 'Flow ID', 'Src IP', 'Src Port'], missing: []) - aligning to the first file's schema
WARNING ids2eval.data.chunked_io: /tmp/ids2eval_task/data/Thuesday-20-02-2018_TrafficForML_CICFlowMeter.csv.gz: column schema differs from the first file read (extra: ['Dst IP', 'Flow ID', 'Src IP', 'Src Port'], missing: []) - aligning to the first file's schema
WARNING ids2eval.data.chunked_io: /tmp/ids2eval_task/data/Thuesday-20-02-2018_TrafficForML_CICFlowMeter.csv.gz: column schema differs from the first file read (extra: ['Dst IP', 'Flow ID', 'Src IP', 'Src Port'], missing: []) - aligning to the first file's schema
WARNING ids2eval.data.chunked_io: /tmp/ids2eval_task/data/Thuesday-20-02-2018_TrafficForML_CICFlowMeter.csv.gz: column schema differs from the first file read (extra: ['Dst IP', 'Flow ID', 'Src IP', 'Src Port'], missing: []) - aligning to the first file's schema
WARNING ids2eval.data.chunked_io: /tmp/ids2eval_task/data/Thuesday-20-02-2018_TrafficForML_CICFlowMeter.csv.gz: column schema differs from the first file read (extra: ['Dst IP', 'Flow ID', 'Src IP', 'Src Port'], missing: []) - aligning to the first file's schema
WARNING ids2eval.data.chunked_io: /tmp/ids2eval_task/data/Thuesday-20-02-2018_TrafficForML_CICFlowMeter.csv.gz: column schema differs from the first file read (extra: ['Dst IP', 'Flow ID', 'Src IP', 'Src Port'], missing: []) - aligning to the first file's schema
WARNING ids2eval.data.chunked_io: /tmp/ids2eval_task/data/Thuesday-20-02-2018_TrafficForML_CICFlowMeter.csv.gz: column schema differs from the first file read (extra: ['Dst IP', 'Flow ID', 'Src IP', 'Src Port'], missing: []) - aligning to the first file's schema
WARNING ids2eval.data.chunked_io: /tmp/ids2eval_task/data/Thuesday-20-02-2018_TrafficForML_CICFlowMeter.csv.gz: column schema differs from the first file read (extra: ['Dst IP', 'Flow ID', 'Src IP', 'Src Port'], missing: []) - aligning to the first file's schema
WARNING ids2eval.data.chunked_io: /tmp/ids2eval_task/data/Thuesday-20-02-2018_TrafficForML_CICFlowMeter.csv.gz: column schema differs from the first file read (extra: ['Dst IP', 'Flow ID', 'Src IP', 'Src Port'], missing: []) - aligning to the first file's schema
WARNING ids2eval.data.chunked_io: /tmp/ids2eval_task/data/Thuesday-20-02-2018_TrafficForML_CICFlowMeter.csv.gz: column schema differs from the first file read (extra: ['Dst IP', 'Flow ID', 'Src IP', 'Src Port'], missing: []) - aligning to the first file's schema
WARNING ids2eval.data.chunked_io: /tmp/ids2eval_task/data/Thuesday-20-02-2018_TrafficForML_CICFlowMeter.csv.gz: column schema differs from the first file read (extra: ['Dst IP', 'Flow ID', 'Src IP', 'Src Port'], missing: []) - aligning to the first file's schema
WARNING ids2eval.data.chunked_io: /tmp/ids2eval_task/data/Thuesday-20-02-2018_TrafficForML_CICFlowMeter.csv.gz: column schema differs from the first file read (extra: ['Dst IP', 'Flow ID', 'Src IP', 'Src Port'], missing: []) - aligning to the first file's schema
WARNING ids2eval.data.chunked_io: /tmp/ids2eval_task/data/Thuesday-20-02-2018_TrafficForML_CICFlowMeter.csv.gz: column schema differs from the first file read (extra: ['Dst IP', 'Flow ID', 'Src IP', 'Src Port'], missing: []) - aligning to the first file's schema
WARNING ids2eval.data.chunked_io: /tmp/ids2eval_task/data/Thuesday-20-02-2018_TrafficForML_CICFlowMeter.csv.gz: column schema differs from the first file read (extra: ['Dst IP', 'Flow ID', 'Src IP', 'Src Port'], missing: []) - aligning to the first file's schema
WARNING ids2eval.data.chunked_io: /tmp/ids2eval_task/data/Thuesday-20-02-2018_TrafficForML_CICFlowMeter.csv.gz: column schema differs from the first file read (extra: ['Dst IP', 'Flow ID', 'Src IP', 'Src Port'], missing: []) - aligning to the first file's schema
WARNING ids2eval.data.chunked_io: /tmp/ids2eval_task/data/Thuesday-20-02-2018_TrafficForML_CICFlowMeter.csv.gz: column schema differs from the first file read (extra: ['Dst IP', 'Flow ID', 'Src IP', 'Src Port'], missing: []) - aligning to the first file's schema
WARNING ids2eval.data.chunked_io: /tmp/ids2eval_task/data/Thuesday-20-02-2018_TrafficForML_CICFlowMeter.csv.gz: column schema differs from the first file read (extra: ['Dst IP', 'Flow ID', 'Src IP', 'Src Port'], missing: []) - aligning to the first file's schema
WARNING ids2eval.data.chunked_io: /tmp/ids2eval_task/data/Thuesday-20-02-2018_TrafficForML_CICFlowMeter.csv.gz: column schema differs from the first file read (extra: ['Dst IP', 'Flow ID', 'Src IP', 'Src Port'], missing: []) - aligning to the first file's schema
WARNING ids2eval.data.chunked_io: /tmp/ids2eval_task/data/Thuesday-20-02-2018_TrafficForML_CICFlowMeter.csv.gz: column schema differs from the first file read (extra: ['Dst IP', 'Flow ID', 'Src IP', 'Src Port'], missing: []) - aligning to the first file's schema
WARNING ids2eval.data.chunked_io: /tmp/ids2eval_task/data/Thuesday-20-02-2018_TrafficForML_CICFlowMeter.csv.gz: column schema differs from the first file read (extra: ['Dst IP', 'Flow ID', 'Src IP', 'Src Port'], missing: []) - aligning to the first file's schema
WARNING ids2eval.data.chunked_io: /tmp/ids2eval_task/data/Thuesday-20-02-2018_TrafficForML_CICFlowMeter.csv.gz: column schema differs from the first file read (extra: ['Dst IP', 'Flow ID', 'Src IP', 'Src Port'], missing: []) - aligning to the first file's schema
WARNING ids2eval.data.chunked_io: /tmp/ids2eval_task/data/Thuesday-20-02-2018_TrafficForML_CICFlowMeter.csv.gz: column schema differs from the first file read (extra: ['Dst IP', 'Flow ID', 'Src IP', 'Src Port'], missing: []) - aligning to the first file's schema
WARNING ids2eval.data.chunked_io: /tmp/ids2eval_task/data/Thuesday-20-02-2018_TrafficForML_CICFlowMeter.csv.gz: column schema differs from the first file read (extra: ['Dst IP', 'Flow ID', 'Src IP', 'Src Port'], missing: []) - aligning to the first file's schema
WARNING ids2eval.data.chunked_io: /tmp/ids2eval_task/data/Thuesday-20-02-2018_TrafficForML_CICFlowMeter.csv.gz: column schema differs from the first file read (extra: ['Dst IP', 'Flow ID', 'Src IP', 'Src Port'], missing: []) - aligning to the first file's schema
WARNING ids2eval.data.chunked_io: Dropped 8 embedded header row(s) found as literal data
WARNING ids2eval.data.chunked_io: Dropped 16 embedded header row(s) found as literal data
WARNING ids2eval.data.chunked_io: Dropped 8 embedded header row(s) found as literal data
WARNING ids2eval.data.chunked_io: Dropped 1 embedded header row(s) found as literal data
WARNING ids2eval.data.chunked_io: Dropped 12 embedded header row(s) found as literal data
WARNING ids2eval.data.chunked_io: Dropped 13 embedded header row(s) found as literal data
INFO ids2eval.data.dataset: Grouped split: 3888705 groups total, 3111093 train / 777612 test, zero overlap confirmed.
INFO ids2eval.data.dataset: Grouped split: 3888705 groups total, 3111090 train / 777615 test, zero overlap confirmed.
INFO ids2eval.data.dataset: Grouped split: 3888705 groups total, 3111101 train / 777604 test, zero overlap confirmed.
INFO ids2eval.data.dataset: Grouped split: 3888705 groups total, 3111109 train / 777596 test, zero overlap confirmed.
INFO ids2eval.data.dataset: Grouped split: 3888705 groups total, 3111106 train / 777599 test, zero overlap confirmed.
INFO ids2eval.data.dataset: Grouped split: 3888705 groups total, 3111082 train / 777623 test, zero overlap confirmed.
INFO ids2eval.data.dataset: Grouped split: 3888705 groups total, 3111087 train / 777618 test, zero overlap confirmed.
INFO ids2eval.data.dataset: Grouped split: 3888705 groups total, 3111077 train / 777628 test, zero overlap confirmed.
INFO ids2eval.data.dataset: Grouped split: 3888705 groups total, 3111094 train / 777611 test, zero overlap confirmed.
INFO ids2eval.data.dataset: Grouped split: 3888705 groups total, 3111103 train / 777602 test, zero overlap confirmed.
INFO ids2eval.cli: Audit report written to /tmp/ids2eval_task/out/runs/2026-09-28_225428_095778/audit_report_before.json
INFO ids2eval.cli: [FLAG] dedup_check: train duplicates: 3,703,769 (28.52%); test rows leaking a train feature-match: 1,065,936 (32.83%); test-internal duplicates: 16,229
INFO ids2eval.cli: [FLAG] label_conflict_check: 68,473 feature vector(s) (1,572,764 rows, 9.69%) map to more than one label. The ground truth contradicts itself for these rows; 37,871 of these span train and test
INFO ids2eval.cli: [FLAG] near_duplicate_class_check: 476 of 6,743 sampled rows (7.06%) have a near-zero-distance neighbor under a different label. Most affected pairs: {'DoS attacks-SlowHTTPTest / FTP-BruteForce': 470, 'Brute Force -Web / SQL Injection': 5, 'Brute Force -XSS / SQL Injection': 1}
INFO ids2eval.cli: [OK] leakage_screen: no single feature or pair dominates importance (top1=8.9%, top2=16.0%)
INFO ids2eval.cli: [OK] one_rule_check: single rule 'Fwd Seg Size Min <= 30' reaches 83.1% test accuracy (83.1% train)
INFO ids2eval.cli: [FLAG] feature_auc_ranking_check: 'Fwd Act Data Pkts' alone reaches AUC 1.000 identifying 'DDOS attack-LOIC-UDP'; a single feature this separable is worth checking for a leakage artifact
INFO ids2eval.cli: [FLAG] identity_column_flag: standalone AUC by column: {'Dst Port': 0.934}. Suggest dropping: ['Dst Port']
INFO ids2eval.cli: [FLAG] port_protocol_shortcut_check: standalone AUC of 'Dst Port' + 'Protocol' combined: 0.934. Port and protocol together may predict the label without attack behavior
INFO ids2eval.cli: [OK] temporal_leakage_check: no schema.timestamp_column configured
INFO ids2eval.cli: [OK] temporal_realism_check: no schema.timestamp_column configured
INFO ids2eval.cli: [OK] flow_group_leakage_check: no schema.flow_id_columns configured
INFO ids2eval.cli: [OK] row_order_leakage_check: adjacent-row label-transition rate (train=1.00, test=1.00) as a share of what a randomly shuffled ordering would produce
INFO ids2eval.cli: [OK] homogeneity_test: 12 classes tested; test-to-train and train-internal proximity statistically indistinguishable for every class (consistent with inherent class homogeneity, not train/test leakage)
INFO ids2eval.cli: [OK] resplit_falsification: random-split accuracy=0.9823, grouped-split accuracy=0.9826 (drop=-0.0003); grouped split reproduces random-split accuracy, consistent with inherent class homogeneity rather than a split-artifact explanation
INFO ids2eval.cli: [OK] scenario_holdout_falsification: no schema.scenario_column configured
INFO ids2eval.cli: [WARNING] class_distribution_report: 15 classes, train imbalance ratio (majority:minority) = 154111:1; classes below 1% of train: ['Infilteration', 'DoS attacks-SlowHTTPTest', 'DoS attacks-GoldenEye', 'DoS attacks-Slowloris', 'DDOS attack-LOIC-UDP', 'Brute Force -Web', 'Brute Force -XSS', 'SQL Injection']
INFO ids2eval.cli: [OK] low_cardinality_warning: unique values by column: {'Dst Port': 64496}
INFO ids2eval.cli: [OK] schema_fingerprint_check: no known extractor signature matched
INFO ids2eval.cli: [WARNING] data_integrity_check: missing values in 1 feature column(s); +-inf values in 2 feature column(s); 8 constant/near-constant feature(s)
INFO ids2eval.cli: [OK] result_robustness_check: accuracy ranges from 0.9818 (identity_columns_dropped) to 0.9921 (deduplicated) across 4 conditions, a spread of 0.0104
INFO ids2eval.cli: [WARNING] known_issue_lookup: The 2018-02-23 day-file's Brute-Force-Web/Brute-Force-XSS rows are approximately 41% mislabeled (ground-truth labeling error, not an extraction or pipeline bug). (Liu et al. 2022, IEEE CNS); An independent re-labeling audit measured a 7.53% overall label corruption rate, with some individual attack classes above 75%. (Cantone et al. 2024, IEEE Access)
INFO ids2eval.cli: [OK] repeated_seed_falsification_check: grouped-split accuracy drop across 10 seeds: mean=+0.0000, 95% CI=[-0.0001, +0.0002]; not material: even the most generous estimate in the 95% CI (+0.0002) stays below the +0.0100 materiality threshold
INFO ids2eval.cli: Dedup: {'train_rows_raw': 12986354, 'train_rows_deduped': 9282585, 'train_duplicates_dropped': 3703769, 'test_rows_raw': 3246589, 'test_rows_deduped': 2164424, 'test_leakage_dropped': 1065936, 'test_duplicates_dropped': 16229}
INFO ids2eval.cli: Audit report written to /tmp/ids2eval_task/out/runs/2026-09-28_225428_095778/audit_report_after.json
INFO ids2eval.cli: [OK] dedup_check: train duplicates: 0 (0.00%); test rows leaking a train feature-match: 0 (0.00%); test-internal duplicates: 0
INFO ids2eval.cli: [OK] label_conflict_check: no feature vector maps to more than one label
INFO ids2eval.cli: [OK] near_duplicate_class_check: no near-zero-distance feature vectors found across 15 classes tested
INFO ids2eval.cli: [OK] leakage_screen: no single feature or pair dominates importance (top1=7.1%, top2=12.7%)
INFO ids2eval.cli: [OK] one_rule_check: single rule 'Dst Port <= 121' reaches 88.8% test accuracy (88.6% train)
INFO ids2eval.cli: [FLAG] feature_auc_ranking_check: 'Fwd Act Data Pkts' alone reaches AUC 1.000 identifying 'DDOS attack-LOIC-UDP'; a single feature this separable is worth checking for a leakage artifact
INFO ids2eval.cli: [FLAG] identity_column_flag: standalone AUC by column: {'Dst Port': 0.93}. Suggest dropping: ['Dst Port']
INFO ids2eval.cli: [FLAG] port_protocol_shortcut_check: standalone AUC of 'Dst Port' + 'Protocol' combined: 0.930. Port and protocol together may predict the label without attack behavior
INFO ids2eval.cli: [OK] temporal_leakage_check: no schema.timestamp_column configured
INFO ids2eval.cli: [OK] temporal_realism_check: no schema.timestamp_column configured
INFO ids2eval.cli: [OK] flow_group_leakage_check: no schema.flow_id_columns configured
INFO ids2eval.cli: [OK] row_order_leakage_check: adjacent-row label-transition rate (train=1.00, test=1.00) as a share of what a randomly shuffled ordering would produce
INFO ids2eval.cli: [OK] homogeneity_test: 10 classes tested; test-to-train and train-internal proximity statistically indistinguishable for every class (consistent with inherent class homogeneity, not train/test leakage)
INFO ids2eval.cli: [OK] resplit_falsification: random-split accuracy=0.9823, grouped-split accuracy=0.9826 (drop=-0.0003); grouped split reproduces random-split accuracy, consistent with inherent class homogeneity rather than a split-artifact explanation
INFO ids2eval.cli: [OK] scenario_holdout_falsification: no schema.scenario_column configured
INFO ids2eval.cli: [WARNING] class_distribution_report: 15 classes, train imbalance ratio (majority:minority) = 316063:1; classes below 1% of train: ['Infilteration', 'SSH-Bruteforce', 'DoS attacks-GoldenEye', 'DoS attacks-Slowloris', 'DDOS attack-LOIC-UDP', 'Brute Force -Web', 'Brute Force -XSS', 'SQL Injection', 'FTP-BruteForce', 'DoS attacks-SlowHTTPTest']
INFO ids2eval.cli: [OK] low_cardinality_warning: unique values by column: {'Dst Port': 64496}
INFO ids2eval.cli: [OK] schema_fingerprint_check: no known extractor signature matched
INFO ids2eval.cli: [WARNING] data_integrity_check: missing values in 1 feature column(s); +-inf values in 2 feature column(s); 8 constant/near-constant feature(s)
INFO ids2eval.cli: [OK] result_robustness_check: accuracy ranges from 0.9818 (identity_columns_dropped) to 0.9921 (deduplicated) across 4 conditions, a spread of 0.0104
INFO ids2eval.cli: [WARNING] known_issue_lookup: The 2018-02-23 day-file's Brute-Force-Web/Brute-Force-XSS rows are approximately 41% mislabeled (ground-truth labeling error, not an extraction or pipeline bug). (Liu et al. 2022, IEEE CNS); An independent re-labeling audit measured a 7.53% overall label corruption rate, with some individual attack classes above 75%. (Cantone et al. 2024, IEEE Access)
INFO ids2eval.cli: [OK] repeated_seed_falsification_check: grouped-split accuracy drop across 10 seeds: mean=+0.0000, 95% CI=[-0.0001, +0.0002]; not material: even the most generous estimate in the 95% CI (+0.0002) stays below the +0.0100 materiality threshold
INFO ids2eval.cli: Intervention manifest written to /tmp/ids2eval_task/out/runs/2026-09-28_225428_095778/intervention_manifest.json (3 intervention(s))
INFO matplotlib.font_manager: generated new fontManager
INFO ids2eval.cli: Scorecard plot written to /tmp/ids2eval_task/out/runs/2026-09-28_225428_095778/scorecard.pdf / .png
INFO ids2eval.cli: Scorecard: failed -> /tmp/ids2eval_task/out/runs/2026-09-28_225428_095778/scorecard.json
exit=0 seconds=35040
