balanced 300 ok ok warning | random-split accuracy=0.4733, grouped-split accuracy=0.5083 (drop=-0.0350); grouped split reproduces random-sp | accuracy ranges from 0.4733 (random_split) to 0.5083 (grouped_split) across 3 conditions, a spread of 0.0350 (sampling margin +/-0.0400)
balanced 301 ok ok warning | random-split accuracy=0.4767, grouped-split accuracy=0.5167 (drop=-0.0400); grouped split reproduces random-sp | accuracy ranges from 0.4767 (random_split) to 0.5167 (grouped_split) across 3 conditions, a spread of 0.0400 (sampling margin +/-0.0400)
balanced 302 ok ok warning | random-split accuracy=0.5033, grouped-split accuracy=0.5017 (drop=+0.0017); grouped split reproduces random-sp | accuracy ranges from 0.5017 (grouped_split) to 0.5050 (identity_columns_dropped) across 3 conditions, a spread of 0.0033 (sampling margin +/
balanced 303 ok ok warning | random-split accuracy=0.5117, grouped-split accuracy=0.5217 (drop=-0.0100); grouped split reproduces random-sp | accuracy ranges from 0.5100 (identity_columns_dropped) to 0.5217 (grouped_split) across 3 conditions, a spread of 0.0117 (sampling margin +/
balanced 304 warning ok warning | random-split accuracy=0.5250, grouped-split accuracy=0.5150 (drop=+0.0100); the drop exceeds the 0.01 threshol | accuracy ranges from 0.5000 (identity_columns_dropped) to 0.5250 (random_split) across 3 conditions, a spread of 0.0250 (sampling margin +/-
balanced 305 warning ok warning | random-split accuracy=0.5192, grouped-split accuracy=0.5058 (drop=+0.0133); the drop exceeds the 0.01 threshol | accuracy ranges from 0.5058 (grouped_split) to 0.5250 (identity_columns_dropped) across 3 conditions, a spread of 0.0192 (sampling margin +/
balanced 306 ok ok warning | random-split accuracy=0.4867, grouped-split accuracy=0.4883 (drop=-0.0017); grouped split reproduces random-sp | accuracy ranges from 0.4825 (identity_columns_dropped) to 0.4883 (grouped_split) across 3 conditions, a spread of 0.0058 (sampling margin +/
balanced 307 ok ok warning | random-split accuracy=0.4583, grouped-split accuracy=0.4950 (drop=-0.0367); grouped split reproduces random-sp | accuracy ranges from 0.4583 (random_split) to 0.4950 (grouped_split) across 3 conditions, a spread of 0.0367 (sampling margin +/-0.0399)
balanced 308 ok ok ok | random-split accuracy=0.5167, grouped-split accuracy=0.5208 (drop=-0.0042); grouped split reproduces random-sp | accuracy ranges from 0.5167 (random_split) to 0.5208 (grouped_split) across 3 conditions, a spread of 0.0042 (sampling margin +/-0.0400)
balanced 309 ok ok warning | random-split accuracy=0.4867, grouped-split accuracy=0.4892 (drop=-0.0025); grouped split reproduces random-sp | accuracy ranges from 0.4792 (identity_columns_dropped) to 0.4892 (grouped_split) across 3 conditions, a spread of 0.0100 (sampling margin +/
imbalanced_10pct 300 ok ok ok | random-split accuracy=0.8925, grouped-split accuracy=0.8925 (drop=+0.0000); grouped split reproduces random-sp | accuracy ranges from 0.8925 (random_split) to 0.8925 (random_split) across 3 conditions, a spread of 0.0000 (sampling margin +/-0.0248)
imbalanced_10pct 301 ok ok ok | random-split accuracy=0.8967, grouped-split accuracy=0.8975 (drop=-0.0008); grouped split reproduces random-sp | accuracy ranges from 0.8967 (random_split) to 0.8975 (grouped_split) across 3 conditions, a spread of 0.0008 (sampling margin +/-0.0243)
imbalanced_10pct 302 ok ok ok | random-split accuracy=0.8933, grouped-split accuracy=0.8933 (drop=+0.0000); grouped split reproduces random-sp | accuracy ranges from 0.8933 (random_split) to 0.8933 (random_split) across 3 conditions, a spread of 0.0000 (sampling margin +/-0.0247)
imbalanced_10pct 303 ok ok ok | random-split accuracy=0.9008, grouped-split accuracy=0.9008 (drop=+0.0000); grouped split reproduces random-sp | accuracy ranges from 0.9008 (random_split) to 0.9008 (random_split) across 3 conditions, a spread of 0.0000 (sampling margin +/-0.0239)
imbalanced_10pct 304 ok ok ok | random-split accuracy=0.9067, grouped-split accuracy=0.9067 (drop=+0.0000); grouped split reproduces random-sp | accuracy ranges from 0.9058 (identity_columns_dropped) to 0.9067 (random_split) across 3 conditions, a spread of 0.0008 (sampling margin +/-
imbalanced_10pct 305 ok ok ok | random-split accuracy=0.8992, grouped-split accuracy=0.8992 (drop=+0.0000); grouped split reproduces random-sp | accuracy ranges from 0.8992 (random_split) to 0.8992 (random_split) across 3 conditions, a spread of 0.0000 (sampling margin +/-0.0241)
imbalanced_10pct 306 ok ok ok | random-split accuracy=0.9067, grouped-split accuracy=0.9067 (drop=+0.0000); grouped split reproduces random-sp | accuracy ranges from 0.9067 (random_split) to 0.9067 (random_split) across 3 conditions, a spread of 0.0000 (sampling margin +/-0.0233)
imbalanced_10pct 307 ok ok ok | random-split accuracy=0.9058, grouped-split accuracy=0.9033 (drop=+0.0025); grouped split reproduces random-sp | accuracy ranges from 0.9033 (grouped_split) to 0.9058 (random_split) across 3 conditions, a spread of 0.0025 (sampling margin +/-0.0235)
imbalanced_10pct 308 ok ok ok | random-split accuracy=0.8942, grouped-split accuracy=0.8958 (drop=-0.0017); grouped split reproduces random-sp | accuracy ranges from 0.8933 (identity_columns_dropped) to 0.8958 (grouped_split) across 3 conditions, a spread of 0.0025 (sampling margin +/
imbalanced_10pct 309 ok ok ok | random-split accuracy=0.8992, grouped-split accuracy=0.9000 (drop=-0.0008); grouped split reproduces random-sp | accuracy ranges from 0.8983 (identity_columns_dropped) to 0.9000 (grouped_split) across 3 conditions, a spread of 0.0017 (sampling margin +/
imbalanced_2pct 300 ok ok ok | random-split accuracy=0.9792, grouped-split accuracy=0.9792 (drop=+0.0000); grouped split reproduces random-sp | accuracy ranges from 0.9792 (random_split) to 0.9792 (random_split) across 3 conditions, a spread of 0.0000 (sampling margin +/-0.0114)
imbalanced_2pct 301 ok ok ok | random-split accuracy=0.9800, grouped-split accuracy=0.9800 (drop=+0.0000); grouped split reproduces random-sp | accuracy ranges from 0.9800 (random_split) to 0.9800 (random_split) across 3 conditions, a spread of 0.0000 (sampling margin +/-0.0112)
imbalanced_2pct 302 ok ok ok | random-split accuracy=0.9775, grouped-split accuracy=0.9775 (drop=+0.0000); grouped split reproduces random-sp | accuracy ranges from 0.9775 (random_split) to 0.9775 (random_split) across 3 conditions, a spread of 0.0000 (sampling margin +/-0.0119)
imbalanced_2pct 303 ok ok ok | random-split accuracy=0.9825, grouped-split accuracy=0.9825 (drop=+0.0000); grouped split reproduces random-sp | accuracy ranges from 0.9825 (random_split) to 0.9825 (random_split) across 3 conditions, a spread of 0.0000 (sampling margin +/-0.0105)
imbalanced_2pct 304 ok ok ok | random-split accuracy=0.9817, grouped-split accuracy=0.9808 (drop=+0.0008); grouped split reproduces random-sp | accuracy ranges from 0.9808 (grouped_split) to 0.9817 (random_split) across 3 conditions, a spread of 0.0008 (sampling margin +/-0.0109)
imbalanced_2pct 305 ok ok ok | random-split accuracy=0.9758, grouped-split accuracy=0.9758 (drop=+0.0000); grouped split reproduces random-sp | accuracy ranges from 0.9758 (random_split) to 0.9758 (random_split) across 3 conditions, a spread of 0.0000 (sampling margin +/-0.0123)
imbalanced_2pct 306 ok ok ok | random-split accuracy=0.9817, grouped-split accuracy=0.9817 (drop=+0.0000); grouped split reproduces random-sp | accuracy ranges from 0.9817 (random_split) to 0.9817 (random_split) across 3 conditions, a spread of 0.0000 (sampling margin +/-0.0107)
imbalanced_2pct 307 ok ok ok | random-split accuracy=0.9817, grouped-split accuracy=0.9825 (drop=-0.0008); grouped split reproduces random-sp | accuracy ranges from 0.9817 (random_split) to 0.9825 (grouped_split) across 3 conditions, a spread of 0.0008 (sampling margin +/-0.0106)
imbalanced_2pct 308 ok ok ok | random-split accuracy=0.9808, grouped-split accuracy=0.9808 (drop=+0.0000); grouped split reproduces random-sp | accuracy ranges from 0.9808 (random_split) to 0.9808 (random_split) across 3 conditions, a spread of 0.0000 (sampling margin +/-0.0110)
imbalanced_2pct 309 ok ok ok | random-split accuracy=0.9800, grouped-split accuracy=0.9800 (drop=+0.0000); grouped split reproduces random-sp | accuracy ranges from 0.9800 (random_split) to 0.9800 (random_split) across 3 conditions, a spread of 0.0000 (sampling margin +/-0.0112)
DONE
