balanced 300 ok ok warning | random-split accuracy=0.4950, grouped-split accuracy=0.5092 (drop=-0.0142); grouped split reproduces random-sp | accuracy ranges from 0.4775 (identity_columns_dropped) to 0.5092 (grouped_split) across 3 conditions, a spread of 0.0317 (sampling margin +/
balanced 301 warning ok warning | random-split accuracy=0.4942, grouped-split accuracy=0.4750 (drop=+0.0192); the drop exceeds the 0.01 threshol | accuracy ranges from 0.4750 (grouped_split) to 0.5042 (identity_columns_dropped) across 3 conditions, a spread of 0.0292 (sampling margin +/
balanced 302 ok ok warning | random-split accuracy=0.5025, grouped-split accuracy=0.5158 (drop=-0.0133); grouped split reproduces random-sp | accuracy ranges from 0.5025 (random_split) to 0.5158 (grouped_split) across 3 conditions, a spread of 0.0133 (sampling margin +/-0.0400)
balanced 303 warning ok warning | random-split accuracy=0.5050, grouped-split accuracy=0.4767 (drop=+0.0283); the drop exceeds the 0.01 threshol | accuracy ranges from 0.4767 (grouped_split) to 0.5100 (identity_columns_dropped) across 3 conditions, a spread of 0.0333 (sampling margin +/
balanced 304 ok ok warning | random-split accuracy=0.5200, grouped-split accuracy=0.5133 (drop=+0.0067); grouped split reproduces random-sp | accuracy ranges from 0.5000 (identity_columns_dropped) to 0.5200 (random_split) across 3 conditions, a spread of 0.0200 (sampling margin +/-
balanced 305 ok ok ok | random-split accuracy=0.4958, grouped-split accuracy=0.5075 (drop=-0.0117); grouped split reproduces random-sp | accuracy ranges from 0.4958 (random_split) to 0.5250 (identity_columns_dropped) across 3 conditions, a spread of 0.0292 (sampling margin +/-
balanced 306 ok ok warning | random-split accuracy=0.4858, grouped-split accuracy=0.5150 (drop=-0.0292); grouped split reproduces random-sp | accuracy ranges from 0.4825 (identity_columns_dropped) to 0.5150 (grouped_split) across 3 conditions, a spread of 0.0325 (sampling margin +/
balanced 307 ok ok warning | random-split accuracy=0.4900, grouped-split accuracy=0.4958 (drop=-0.0058); grouped split reproduces random-sp | accuracy ranges from 0.4800 (identity_columns_dropped) to 0.4958 (grouped_split) across 3 conditions, a spread of 0.0158 (sampling margin +/
balanced 308 warning ok warning | random-split accuracy=0.5125, grouped-split accuracy=0.5000 (drop=+0.0125); the drop exceeds the 0.01 threshol | accuracy ranges from 0.5000 (grouped_split) to 0.5183 (identity_columns_dropped) across 3 conditions, a spread of 0.0183 (sampling margin +/
balanced 309 ok ok warning | random-split accuracy=0.4808, grouped-split accuracy=0.4833 (drop=-0.0025); grouped split reproduces random-sp | accuracy ranges from 0.4792 (identity_columns_dropped) to 0.4833 (grouped_split) across 3 conditions, a spread of 0.0042 (sampling margin +/
imbalanced_10pct 300 flag flag warning | random-split accuracy=0.8442, grouped-split accuracy=0.7025 (drop=+0.1417); grouped split costs measurable acc | accuracy ranges from 0.7025 (grouped_split) to 0.8925 (identity_columns_dropped) across 3 conditions, a spread of 0.1900 (sampling margin +/
imbalanced_10pct 301 ok ok warning | random-split accuracy=0.8783, grouped-split accuracy=0.8975 (drop=-0.0192); grouped split reproduces random-sp | accuracy ranges from 0.8783 (random_split) to 0.8975 (grouped_split) across 3 conditions, a spread of 0.0192 (sampling margin +/-0.0252)
imbalanced_10pct 302 ok ok warning | random-split accuracy=0.8542, grouped-split accuracy=0.8933 (drop=-0.0392); grouped split reproduces random-sp | accuracy ranges from 0.8542 (random_split) to 0.8933 (grouped_split) across 3 conditions, a spread of 0.0392 (sampling margin +/-0.0265)
imbalanced_10pct 303 ok ok warning | random-split accuracy=0.9008, grouped-split accuracy=0.8992 (drop=+0.0017); grouped split reproduces random-sp | accuracy ranges from 0.8992 (grouped_split) to 0.9008 (random_split) across 3 conditions, a spread of 0.0017 (sampling margin +/-0.0240)
imbalanced_10pct 304 ok ok warning | random-split accuracy=0.8967, grouped-split accuracy=0.9067 (drop=-0.0100); grouped split reproduces random-sp | accuracy ranges from 0.8967 (random_split) to 0.9067 (grouped_split) across 3 conditions, a spread of 0.0100 (sampling margin +/-0.0238)
imbalanced_10pct 305 ok flag warning | random-split accuracy=0.4525, grouped-split accuracy=0.8992 (drop=-0.4467); grouped split reproduces random-sp | accuracy ranges from 0.4525 (random_split) to 0.8992 (grouped_split) across 3 conditions, a spread of 0.4467 (sampling margin +/-0.0329); th
imbalanced_10pct 306 flag flag warning | random-split accuracy=0.9067, grouped-split accuracy=0.6392 (drop=+0.2675); grouped split costs measurable acc | accuracy ranges from 0.6392 (grouped_split) to 0.9067 (random_split) across 3 conditions, a spread of 0.2675 (sampling margin +/-0.0318); th
imbalanced_10pct 307 ok ok warning | random-split accuracy=0.9042, grouped-split accuracy=0.9000 (drop=+0.0042); grouped split reproduces random-sp | accuracy ranges from 0.9000 (grouped_split) to 0.9050 (identity_columns_dropped) across 3 conditions, a spread of 0.0050 (sampling margin +/
imbalanced_10pct 308 ok ok warning | random-split accuracy=0.8208, grouped-split accuracy=0.8967 (drop=-0.0758); grouped split reproduces random-sp | accuracy ranges from 0.8208 (random_split) to 0.8967 (grouped_split) across 3 conditions, a spread of 0.0758 (sampling margin +/-0.0277)
imbalanced_10pct 309 ok ok ok | random-split accuracy=0.8608, grouped-split accuracy=0.8942 (drop=-0.0333); grouped split reproduces random-sp | accuracy ranges from 0.8608 (random_split) to 0.8983 (identity_columns_dropped) across 3 conditions, a spread of 0.0375 (sampling margin +/-
imbalanced_2pct 300 ok ok ok | random-split accuracy=0.9792, grouped-split accuracy=0.9792 (drop=+0.0000); grouped split reproduces random-sp | accuracy ranges from 0.9792 (random_split) to 0.9792 (random_split) across 3 conditions, a spread of 0.0000 (sampling margin +/-0.0114)
imbalanced_2pct 301 ok ok ok | random-split accuracy=0.9800, grouped-split accuracy=0.9800 (drop=+0.0000); grouped split reproduces random-sp | accuracy ranges from 0.9800 (random_split) to 0.9800 (random_split) across 3 conditions, a spread of 0.0000 (sampling margin +/-0.0112)
imbalanced_2pct 302 ok ok ok | random-split accuracy=0.9775, grouped-split accuracy=0.9775 (drop=+0.0000); grouped split reproduces random-sp | accuracy ranges from 0.9775 (random_split) to 0.9775 (random_split) across 3 conditions, a spread of 0.0000 (sampling margin +/-0.0119)
imbalanced_2pct 303 ok ok ok | random-split accuracy=0.9825, grouped-split accuracy=0.9825 (drop=+0.0000); grouped split reproduces random-sp | accuracy ranges from 0.9825 (random_split) to 0.9825 (random_split) across 3 conditions, a spread of 0.0000 (sampling margin +/-0.0105)
imbalanced_2pct 304 ok ok ok | random-split accuracy=0.9817, grouped-split accuracy=0.9808 (drop=+0.0008); grouped split reproduces random-sp | accuracy ranges from 0.9808 (grouped_split) to 0.9817 (random_split) across 3 conditions, a spread of 0.0008 (sampling margin +/-0.0109)
imbalanced_2pct 305 ok ok ok | random-split accuracy=0.9758, grouped-split accuracy=0.9758 (drop=+0.0000); grouped split reproduces random-sp | accuracy ranges from 0.9758 (random_split) to 0.9758 (random_split) across 3 conditions, a spread of 0.0000 (sampling margin +/-0.0123)
imbalanced_2pct 306 ok ok ok | random-split accuracy=0.9817, grouped-split accuracy=0.9817 (drop=+0.0000); grouped split reproduces random-sp | accuracy ranges from 0.9817 (random_split) to 0.9817 (random_split) across 3 conditions, a spread of 0.0000 (sampling margin +/-0.0107)
imbalanced_2pct 307 ok ok ok | random-split accuracy=0.9817, grouped-split accuracy=0.9825 (drop=-0.0008); grouped split reproduces random-sp | accuracy ranges from 0.9817 (random_split) to 0.9825 (grouped_split) across 3 conditions, a spread of 0.0008 (sampling margin +/-0.0106)
imbalanced_2pct 308 ok ok ok | random-split accuracy=0.9808, grouped-split accuracy=0.9808 (drop=+0.0000); grouped split reproduces random-sp | accuracy ranges from 0.9808 (random_split) to 0.9808 (random_split) across 3 conditions, a spread of 0.0000 (sampling margin +/-0.0110)
imbalanced_2pct 309 ok ok ok | random-split accuracy=0.9800, grouped-split accuracy=0.9800 (drop=+0.0000); grouped split reproduces random-sp | accuracy ranges from 0.9800 (random_split) to 0.9800 (random_split) across 3 conditions, a spread of 0.0000 (sampling margin +/-0.0112)
DONE
