train-full.csv.gz: 2,000,000 rows
train-full.csv.gz: 4,000,000 rows
train-full.csv.gz: 6,000,000 rows
train-full.csv.gz: 8,000,000 rows
train-full.csv.gz: 10,000,000 rows
train-full.csv.gz: 12,000,000 rows
train-full.csv.gz: 14,000,000 rows
train-full.csv.gz: 16,000,000 rows
train-full.csv.gz: 18,000,000 rows
train-full.csv.gz: 20,000,000 rows
train-full.csv.gz: 22,000,000 rows
train-full.csv.gz: 24,000,000 rows
train-full.csv.gz: 26,000,000 rows
train-full.csv.gz: 28,000,000 rows
train-full.csv.gz: 30,000,000 rows
train-full.csv.gz: 32,000,000 rows
train-full.csv.gz: 34,000,000 rows
train-full.csv.gz: 36,000,000 rows
train-full.csv.gz: 38,000,000 rows
train-full.csv.gz: 40,000,000 rows
train-full.csv.gz: 42,000,000 rows
train-full.csv.gz: 44,000,000 rows
train-full.csv.gz: 46,000,000 rows
train-full.csv.gz: 48,000,000 rows
train-full.csv.gz: 50,000,000 rows
train-full.csv.gz: 50,063,112 rows
test-full.csv.gz: 52,063,112 rows
test-full.csv.gz: 54,063,112 rows
test-full.csv.gz: 56,063,112 rows
test-full.csv.gz: 58,063,112 rows
test-full.csv.gz: 60,063,112 rows
test-full.csv.gz: 62,063,112 rows
test-full.csv.gz: 64,063,112 rows
test-full.csv.gz: 66,063,112 rows
test-full.csv.gz: 68,063,112 rows
test-full.csv.gz: 70,063,112 rows
test-full.csv.gz: 70,427,637 rows
Source IP {'distinct_ips': 1577, 'ips_in_one_group': 643, 'rows_of_ips_in_one_group': 2962, 'expected_unseen_share_of_test_rows': 4.767150177535816e-05}
Destination IP {'distinct_ips': 1655, 'ips_in_one_group': 647, 'rows_of_ips_in_one_group': 2852, 'expected_unseen_share_of_test_rows': 5.1964911055557885e-05}
upper bound, share of test rows with an unseen IP: 9.963641283091605e-05
DONE
