===== attempt 0 2026-10-07T06:00:46Z =====
/tmp/ids2eval_task/data/Thursday-WorkingHours-Morning-WebAttacks.pcap_ISCX.csv.gz: not valid UTF-8, read successfully as cp1252 instead (a common source encoding for these datasets' Windows-based extraction tools)
Dropped 29634 fully blank row(s) (every column missing)
Dropped 200000 fully blank row(s) (every column missing)
Dropped 58968 fully blank row(s) (every column missing)
=== cic-ids2017-glf: 2,830,743 rows, caps [200000, 1000000, 'full']
  seed 0 random cap 200000: acc 0.99945 macroF1 0.8321 (200,000 rows, 12s)
  seed 0 random cap 1000000: acc 0.99971 macroF1 0.9240 (1,000,000 rows, 37s)
  seed 0 random cap full: acc 0.99977 macroF1 0.9657 (2,264,594 rows, 83s)
  seed 0 grouped cap 200000: acc 0.99942 macroF1 0.8003 (200,000 rows, 11s)
  seed 0 grouped cap 1000000: acc 0.99971 macroF1 0.8629 (1,000,000 rows, 39s)
  seed 0 grouped cap full: acc 0.99975 macroF1 0.9030 (2,264,603 rows, 73s)
  seed 1 random cap 200000: acc 0.99941 macroF1 0.8137 (200,000 rows, 15s)
  seed 1 random cap 1000000: acc 0.99967 macroF1 0.8854 (1,000,000 rows, 48s)
  seed 1 random cap full: acc 0.99974 macroF1 0.9105 (2,264,594 rows, 96s)
  seed 1 grouped cap 200000: acc 0.99933 macroF1 0.8023 (200,000 rows, 12s)
  seed 1 grouped cap 1000000: acc 0.99964 macroF1 0.8145 (1,000,000 rows, 46s)
  seed 1 grouped cap full: acc 0.99974 macroF1 0.8593 (2,264,598 rows, 72s)
  seed 2 random cap 200000: acc 0.99940 macroF1 0.7443 (200,000 rows, 14s)
  seed 2 random cap 1000000: acc 0.99967 macroF1 0.8869 (1,000,000 rows, 45s)
  seed 2 random cap full: acc 0.99976 macroF1 0.8980 (2,264,594 rows, 77s)
  seed 2 grouped cap 200000: acc 0.99950 macroF1 0.8033 (200,000 rows, 11s)
  seed 2 grouped cap 1000000: acc 0.99970 macroF1 0.9361 (1,000,000 rows, 39s)
  seed 2 grouped cap full: acc 0.99974 macroF1 0.9366 (2,264,602 rows, 74s)
  seed 3 random cap 200000: acc 0.99931 macroF1 0.7359 (200,000 rows, 14s)
  seed 3 random cap 1000000: acc 0.99967 macroF1 0.9129 (1,000,000 rows, 48s)
  seed 3 random cap full: acc 0.99973 macroF1 0.9444 (2,264,594 rows, 79s)
  seed 3 grouped cap 200000: acc 0.99937 macroF1 0.7424 (200,000 rows, 12s)
  seed 3 grouped cap 1000000: acc 0.99966 macroF1 0.7954 (1,000,000 rows, 44s)
  seed 3 grouped cap full: acc 0.99974 macroF1 0.8040 (2,264,604 rows, 69s)
  seed 4 random cap 200000: acc 0.99944 macroF1 0.8083 (200,000 rows, 12s)
  seed 4 random cap 1000000: acc 0.99965 macroF1 0.9220 (1,000,000 rows, 37s)
  seed 4 random cap full: acc 0.99973 macroF1 0.9442 (2,264,594 rows, 97s)
  seed 4 grouped cap 200000: acc 0.99945 macroF1 0.8029 (200,000 rows, 11s)
  seed 4 grouped cap 1000000: acc 0.99967 macroF1 0.8763 (1,000,000 rows, 37s)
  seed 4 grouped cap full: acc 0.99971 macroF1 0.9298 (2,264,621 rows, 74s)
cap 200000: accuracy drop -0.00001 [-9.905362230961919e-05, 7.858769010697905e-05]; balanced_accuracy drop -0.00499 [-0.04572740700156307, 0.03575198015254806]; macro_f1 drop -0.00339 [-0.04564273050431657, 0.038870121781333436]
cap 1000000: accuracy drop -0.00000 [-3.282048851897248e-05, 3.0007675973156477e-05]; balanced_accuracy drop +0.03752 [-0.03293160145496693, 0.10797765291555408]; macro_f1 drop +0.04918 [-0.02678206372363507, 0.1251455080327212]
cap full: accuracy drop +0.00001 [-2.87106223368795e-06, 2.5491153394295764e-05]; balanced_accuracy drop +0.04226 [-0.03526647995766582, 0.11978601709042427]; macro_f1 drop +0.04603 [-0.035788139939826116, 0.12784650519214857]
DONE
